
======================================================================
[1/1] Dataset: contact-high-school
======================================================================
  Loading graph...
  OK Loaded: 7818 hyperedges, 327 nodes

  [1/3] p=0.05 (K=16 nodes to remove)
    Computing removal strategies...
      OK degree
      OK hyperdegree
      OK random
      OK ept_out_strength
      OK ept_total_strength
      OK ept_pagerank
      OK ept_broker_strength
      OK ept_bridge_out_strength
      OK ept_bridge_in_strength
      OK ept_boundary_strength
      OK ept_bridge_out_fraction
      OK ept_bridge_broker
      OK ept_boundary_ratio
    Removal strategies done in 0.2s
    Running SICP simulations...
      [1/13] degree               final=   2.1 (  0.7%)
      [2/13] hyperdegree          final=   2.1 (  0.7%)
      [3/13] random               final=   2.1 (  0.7%)
      [4/13] ept_out_strength     final=   2.1 (  0.7%)
      [5/13] ept_total_strength   final=   2.1 (  0.7%)
      [6/13] ept_pagerank         final=   2.1 (  0.7%)
      [7/13] ept_broker_strength  final=   2.1 (  0.7%)
      [8/13] ept_bridge_out_strength final=   2.1 (  0.7%)
      [9/13] ept_bridge_in_strength final=   2.1 (  0.7%)
      [10/13] ept_boundary_strength final=   2.1 (  0.7%)
      [11/13] ept_bridge_out_fraction final=   2.2 (  0.7%)
      [12/13] ept_bridge_broker    final=   2.1 (  0.7%)
      [13/13] ept_boundary_ratio   final=   2.2 (  0.7%)
    OK Saved 338 results in 62.9s
    Total for p=0.05: 63.1s

  [2/3] p=0.10 (K=32 nodes to remove)
    Computing removal strategies...
      OK degree
      OK hyperdegree
      OK random
      OK ept_out_strength
      OK ept_total_strength
      OK ept_pagerank
      OK ept_broker_strength
      OK ept_bridge_out_strength
      OK ept_bridge_in_strength
      OK ept_boundary_strength
      OK ept_bridge_out_fraction
      OK ept_bridge_broker
      OK ept_boundary_ratio
    Removal strategies done in 0.4s
    Running SICP simulations...
      [1/13] degree               final=   2.0 (  0.7%)
      [2/13] hyperdegree          final=   2.0 (  0.7%)
      [3/13] random               final=   2.1 (  0.7%)
      [4/13] ept_out_strength     final=   2.0 (  0.7%)
      [5/13] ept_total_strength   final=   2.0 (  0.7%)
      [6/13] ept_pagerank         final=   2.0 (  0.7%)
      [7/13] ept_broker_strength  final=   2.0 (  0.7%)
      [8/13] ept_bridge_out_strength final=   2.0 (  0.7%)
      [9/13] ept_bridge_in_strength final=   2.0 (  0.7%)
      [10/13] ept_boundary_strength final=   2.0 (  0.7%)
      [11/13] ept_bridge_out_fraction final=   2.1 (  0.7%)
      [12/13] ept_bridge_broker    final=   2.0 (  0.7%)
      [13/13] ept_boundary_ratio   final=   2.1 (  0.7%)
    OK Saved 338 results in 47.8s
    Total for p=0.10: 48.1s

  [3/3] p=0.20 (K=65 nodes to remove)
    Computing removal strategies...
      OK degree
      OK hyperdegree
      OK random
      OK ept_out_strength
      OK ept_total_strength
      OK ept_pagerank
      OK ept_broker_strength
      OK ept_bridge_out_strength
      OK ept_bridge_in_strength
      OK ept_boundary_strength
      OK ept_bridge_out_fraction
      OK ept_bridge_broker
      OK ept_boundary_ratio
    Removal strategies done in 0.2s
    Running SICP simulations...
      [1/13] degree               final=   1.8 (  0.7%)
      [2/13] hyperdegree          final=   1.8 (  0.7%)
      [3/13] random               final=   2.0 (  0.7%)
      [4/13] ept_out_strength     final=   1.9 (  0.7%)
      [5/13] ept_total_strength   final=   1.7 (  0.7%)
      [6/13] ept_pagerank         final=   1.8 (  0.7%)
      [7/13] ept_broker_strength  final=   1.7 (  0.7%)
      [8/13] ept_bridge_out_strength final=   2.0 (  0.7%)
      [9/13] ept_bridge_in_strength final=   1.8 (  0.7%)
      [10/13] ept_boundary_strength final=   1.9 (  0.7%)
      [11/13] ept_bridge_out_fraction final=   2.0 (  0.8%)
      [12/13] ept_bridge_broker    final=   1.9 (  0.7%)
      [13/13] ept_boundary_ratio   final=   2.0 (  0.8%)
    OK Saved 338 results in 44.4s
    Total for p=0.20: 44.7s
  Dataset contact-high-school complete in 155.9s

======================================================================
OK All simulations complete!
Total time: 155.9s (2.6m)
Results saved to: overnight_outputs\comprehensive_sims_2
======================================================================
