
======================================================================
[1/1] Dataset: Music-Rev
======================================================================
  Loading graph...
  OK Loaded: 694 hyperedges, 1106 nodes

  [1/3] p=0.05 (K=55 nodes to remove)
    Computing removal strategies...
      OK avg_hyperedge_size
    Removal strategies done in 0.0s
    Running SICP simulations...
      [1/1] avg_hyperedge_size   final= 782.8 ( 74.5%)
    OK Saved 26 results in 588.4s
    Total for p=0.05: 588.4s

  [2/3] p=0.10 (K=110 nodes to remove)
    Computing removal strategies...
      OK avg_hyperedge_size
    Removal strategies done in 0.0s
    Running SICP simulations...
      [1/1] avg_hyperedge_size   final= 713.3 ( 71.6%)
    OK Saved 26 results in 478.1s
    Total for p=0.10: 478.1s

  [3/3] p=0.20 (K=221 nodes to remove)
    Computing removal strategies...
      OK avg_hyperedge_size
    Removal strategies done in 0.0s
    Running SICP simulations...
      [1/1] avg_hyperedge_size   final= 562.5 ( 63.6%)
    OK Saved 26 results in 198.1s
    Total for p=0.20: 198.1s
  Dataset Music-Rev complete in 1264.7s

======================================================================
OK All simulations complete!
Total time: 1264.7s (21.1m)
Results saved to: overnight_outputs\presentation_sims2
======================================================================
