
======================================================================
[1/1] Dataset: contact-high-school
======================================================================
  Loading graph...
  OK Loaded: 7818 hyperedges, 327 nodes

  [1/3] p=0.05 (K=16 nodes to remove)
    Computing removal strategies...
      OK degree
      OK hyperdegree
      OK random
      OK ept_out_strength
      OK ept_total_strength
      OK ept_pagerank
      OK ept_broker_strength
      OK ept_bridge_out_strength
      OK ept_bridge_in_strength
      OK ept_boundary_strength
      OK ept_bridge_out_fraction
      OK ept_bridge_broker
      OK ept_boundary_ratio
    Removal strategies done in 0.2s
    Running SICP simulations...
      [1/13] degree               final=  75.2 ( 24.2%)
      [2/13] hyperdegree          final=  75.5 ( 24.3%)
      [3/13] random               final=  92.3 ( 29.7%)
      [4/13] ept_out_strength     final=  88.4 ( 28.4%)
      [5/13] ept_total_strength   final=  75.5 ( 24.3%)
      [6/13] ept_pagerank         final=  76.0 ( 24.4%)
      [7/13] ept_broker_strength  final=  77.5 ( 24.9%)
      [8/13] ept_bridge_out_strength final=  82.5 ( 26.5%)
      [9/13] ept_bridge_in_strength final=  76.5 ( 24.6%)
      [10/13] ept_boundary_strength final=  78.4 ( 25.2%)
      [11/13] ept_bridge_out_fraction final=  84.6 ( 27.2%)
      [12/13] ept_bridge_broker    final=  78.4 ( 25.2%)
      [13/13] ept_boundary_ratio   final=  84.6 ( 27.2%)
    OK Saved 338 results in 99.4s
    Total for p=0.05: 99.6s

  [2/3] p=0.10 (K=32 nodes to remove)
    Computing removal strategies...
      OK degree
      OK hyperdegree
      OK random
      OK ept_out_strength
      OK ept_total_strength
      OK ept_pagerank
      OK ept_broker_strength
      OK ept_bridge_out_strength
      OK ept_bridge_in_strength
      OK ept_boundary_strength
      OK ept_bridge_out_fraction
      OK ept_bridge_broker
      OK ept_boundary_ratio
    Removal strategies done in 0.4s
    Running SICP simulations...
      [1/13] degree               final=  55.4 ( 18.8%)
      [2/13] hyperdegree          final=  56.6 ( 19.2%)
      [3/13] random               final=  82.8 ( 28.1%)
      [4/13] ept_out_strength     final=  71.7 ( 24.3%)
      [5/13] ept_total_strength   final=  57.1 ( 19.4%)
      [6/13] ept_pagerank         final=  56.4 ( 19.1%)
      [7/13] ept_broker_strength  final=  57.1 ( 19.4%)
      [8/13] ept_bridge_out_strength final=  66.7 ( 22.6%)
      [9/13] ept_bridge_in_strength final=  57.8 ( 19.6%)
      [10/13] ept_boundary_strength final=  59.6 ( 20.2%)
      [11/13] ept_bridge_out_fraction final=  70.0 ( 23.7%)
      [12/13] ept_bridge_broker    final=  59.6 ( 20.2%)
      [13/13] ept_boundary_ratio   final=  70.0 ( 23.7%)
    OK Saved 338 results in 96.7s
    Total for p=0.10: 97.0s

  [3/3] p=0.20 (K=65 nodes to remove)
    Computing removal strategies...
      OK degree
      OK hyperdegree
      OK random
      OK ept_out_strength
      OK ept_total_strength
      OK ept_pagerank
      OK ept_broker_strength
      OK ept_bridge_out_strength
      OK ept_bridge_in_strength
      OK ept_boundary_strength
      OK ept_bridge_out_fraction
      OK ept_bridge_broker
      OK ept_boundary_ratio
    Removal strategies done in 0.4s
    Running SICP simulations...
      [1/13] degree               final=  32.2 ( 12.3%)
      [2/13] hyperdegree          final=  35.5 ( 13.5%)
      [3/13] random               final=  54.6 ( 20.9%)
      [4/13] ept_out_strength     final=  47.8 ( 18.2%)
      [5/13] ept_total_strength   final=  32.7 ( 12.5%)
      [6/13] ept_pagerank         final=  33.1 ( 12.6%)
      [7/13] ept_broker_strength  final=  33.0 ( 12.6%)
      [8/13] ept_bridge_out_strength final=  48.1 ( 18.4%)
      [9/13] ept_bridge_in_strength final=  33.6 ( 12.8%)
      [10/13] ept_boundary_strength final=  35.1 ( 13.4%)
      [11/13] ept_bridge_out_fraction final=  49.0 ( 18.7%)
      [12/13] ept_bridge_broker    final=  36.0 ( 13.7%)
      [13/13] ept_boundary_ratio   final=  49.0 ( 18.7%)
    OK Saved 338 results in 76.8s
    Total for p=0.20: 77.1s
  Dataset contact-high-school complete in 273.8s

======================================================================
OK All simulations complete!
Total time: 273.8s (4.6m)
Results saved to: overnight_outputs\comprehensive_sims_3
======================================================================
